EN cd NULL C:/Users/Alex/Documents/GitHub/Divisor-VHDL/Divisor/cd.vhd sub00/vhpl00 1448311159
AR cd rtl C:/Users/Alex/Documents/GitHub/Divisor-VHDL/Divisor/cd.vhd sub00/vhpl01 1448311160
AR divider struct C:/Users/Alex/Documents/GitHub/Divisor-VHDL/Divisor/divider.vhd sub00/vhpl05 1448311164
EN divider NULL C:/Users/Alex/Documents/GitHub/Divisor-VHDL/Divisor/divider.vhd sub00/vhpl04 1448311163
AR uc rtl C:/Users/Alex/Documents/GitHub/Divisor-VHDL/Divisor/uc.vhd sub00/vhpl03 1448311162
EN uc NULL C:/Users/Alex/Documents/GitHub/Divisor-VHDL/Divisor/uc.vhd sub00/vhpl02 1448311161
