V3 14
FL C:/Users/Alex/Documents/GitHub/Divisor-VHDL/Divisor/cd.vhd 2015/11/23.21:29:18 P.20131013
EN work/cd 1448311159 \
      FL C:/Users/Alex/Documents/GitHub/Divisor-VHDL/Divisor/cd.vhd \
      PB ieee/std_logic_1164 1381692176 PB ieee/NUMERIC_STD 1381692181
AR work/cd/rtl 1448311160 \
      FL C:/Users/Alex/Documents/GitHub/Divisor-VHDL/Divisor/cd.vhd EN work/cd 1448311159 \
      CP dndo_msb CP res CP coc
FL C:/Users/Alex/Documents/GitHub/Divisor-VHDL/Divisor/divider.vhd 2015/11/23.21:19:57 P.20131013
EN work/divider 1448311163 \
      FL C:/Users/Alex/Documents/GitHub/Divisor-VHDL/Divisor/divider.vhd \
      PB ieee/std_logic_1164 1381692176 PB ieee/NUMERIC_STD 1381692181
AR work/divider/struct 1448311164 \
      FL C:/Users/Alex/Documents/GitHub/Divisor-VHDL/Divisor/divider.vhd \
      EN work/divider 1448311163 CP cd CP uc
FL C:/Users/Alex/Documents/GitHub/Divisor-VHDL/Divisor/uc.vhd 2015/11/23.21:37:15 P.20131013
EN work/uc 1448311161 \
      FL C:/Users/Alex/Documents/GitHub/Divisor-VHDL/Divisor/uc.vhd \
      PB ieee/std_logic_1164 1381692176 PB ieee/NUMERIC_STD 1381692181
AR work/uc/rtl 1448311162 \
      FL C:/Users/Alex/Documents/GitHub/Divisor-VHDL/Divisor/uc.vhd EN work/uc 1448311161
