EN fa NULL D:/Kadaiser/Documents/GitHub/TOC/Ejercicios/Sumadores/fa.vhd sub00/vhpl02 1447279696
AR fa_gp behavioral D:/Kadaiser/Documents/GitHub/TOC/Ejercicios/Sumadores/fa_gp.vhd sub00/vhpl01 1447278914
EN fa_gp NULL D:/Kadaiser/Documents/GitHub/TOC/Ejercicios/Sumadores/fa_gp.vhd sub00/vhpl00 1447278913
AR fa behavioral D:/Kadaiser/Documents/GitHub/TOC/Ejercicios/Sumadores/fa.vhd sub00/vhpl03 1447279697
