V3 6
FL D:/Kadaiser/Documents/GitHub/TOC/Ejercicios/Sumadores/fa.vhd 2015/11/11.23:08:07 P.20131013
EN work/fa 1447279696 \
      FL D:/Kadaiser/Documents/GitHub/TOC/Ejercicios/Sumadores/fa.vhd \
      PB ieee/std_logic_1164 1381692176 PB ieee/NUMERIC_STD 1381692181
AR work/fa/Behavioral 1447279697 \
      FL D:/Kadaiser/Documents/GitHub/TOC/Ejercicios/Sumadores/fa.vhd EN work/fa 1447279696
FL D:/Kadaiser/Documents/GitHub/TOC/Ejercicios/Sumadores/fa_gp.vhd 2015/11/11.22:55:08 P.20131013
EN work/FA_GP 1447278913 \
      FL D:/Kadaiser/Documents/GitHub/TOC/Ejercicios/Sumadores/fa_gp.vhd \
      PB ieee/std_logic_1164 1381692176 PB ieee/NUMERIC_STD 1381692181
AR work/FA_GP/Behavioral 1447278914 \
      FL D:/Kadaiser/Documents/GitHub/TOC/Ejercicios/Sumadores/fa_gp.vhd \
      EN work/FA_GP 1447278913
