EN adder NULL D:/Kadaiser/Documents/GitHub/TOC/practica3/adder.vhd sub00/vhpl03 1447002773
AR fa_gp behavioral D:/Kadaiser/Documents/GitHub/TOC/practica3/fa_gp.vhd sub00/vhpl02 1446989256
EN full_adder NULL D:/Kadaiser/Documents/GitHub/TOC/practica3/full_adder.vhd sub00/vhpl00 1446988878
EN fa_gp NULL D:/Kadaiser/Documents/GitHub/TOC/practica3/fa_gp.vhd sub00/vhpl01 1446989255
AR adder adder_std D:/Kadaiser/Documents/GitHub/TOC/practica3/adder.vhd sub00/vhpl04 1447002774
