V3 9
FL D:/Kadaiser/Documents/GitHub/TOC/practica3/adder.vhd 2015/11/08.15:02:03 P.20131013
EN work/adder 1447002773 FL D:/Kadaiser/Documents/GitHub/TOC/practica3/adder.vhd \
      PB ieee/std_logic_1164 1381692176 PB ieee/NUMERIC_STD 1381692181
AR work/adder/adder_std 1447002774 \
      FL D:/Kadaiser/Documents/GitHub/TOC/practica3/adder.vhd EN work/adder 1447002773
FL D:/Kadaiser/Documents/GitHub/TOC/practica3/fa_gp.vhd 2015/11/08.14:27:31 P.20131013
EN work/fa_gp 1446989255 FL D:/Kadaiser/Documents/GitHub/TOC/practica3/fa_gp.vhd \
      PB ieee/std_logic_1164 1381692176 PB ieee/NUMERIC_STD 1381692181
AR work/fa_gp/Behavioral 1446989256 \
      FL D:/Kadaiser/Documents/GitHub/TOC/practica3/fa_gp.vhd EN work/fa_gp 1446989255
FL D:/Kadaiser/Documents/GitHub/TOC/practica3/full_adder.vhd 2015/11/08.14:20:54 P.20131013
EN work/full_adder 0 FL D:/Kadaiser/Documents/GitHub/TOC/practica3/full_adder.vhd \
      PB ieee/std_logic_1164 1381692176 PB ieee/NUMERIC_STD 1381692181
AR work/full_adder/Behavioral 0 \
      FL D:/Kadaiser/Documents/GitHub/TOC/practica3/full_adder.vhd \
      EN work/full_adder 0
