V3 4
FL C:/hlocal/TOC-master/TOC-master/proyecto1/sumador.vhd 2015/10/11.17:21:05 P.15xf
EN work/sumador 1444740081 \
      FL C:/hlocal/TOC-master/TOC-master/proyecto1/sumador.vhd \
      PB ieee/std_logic_1164 1381692176 PB ieee/std_logic_arith 1381692177 \
      PB ieee/STD_LOGIC_UNSIGNED 1381692179
AR work/sumador/Behavioral 1444740082 \
      FL C:/hlocal/TOC-master/TOC-master/proyecto1/sumador.vhd EN work/sumador 1444740081
FL D:/Kadaiser/Documents/GitHub/TOC/proyecto1/sumador.vhd 2015/10/11.16:35:02 P.15xf
