EN cd NULL C:/hlocal/Divisor-VHDL-master/Divisor-VHDL-master/DivisorGenerico/cd.vhd sub00/vhpl00 1448382312
AR cd rtl C:/hlocal/Divisor-VHDL-master/Divisor-VHDL-master/DivisorGenerico/cd.vhd sub00/vhpl01 1448382313
AR divider struct C:/hlocal/Divisor-VHDL-master/Divisor-VHDL-master/DivisorGenerico/divider.vhd sub00/vhpl05 1448382317
EN divider NULL C:/hlocal/Divisor-VHDL-master/Divisor-VHDL-master/DivisorGenerico/divider.vhd sub00/vhpl04 1448382316
AR uc rtl C:/hlocal/Divisor-VHDL-master/Divisor-VHDL-master/DivisorGenerico/uc.vhd sub00/vhpl03 1448382315
EN uc NULL C:/hlocal/Divisor-VHDL-master/Divisor-VHDL-master/DivisorGenerico/uc.vhd sub00/vhpl02 1448382314
