V3 18
FL C:/hlocal/Divisor-VHDL-master/Divisor-VHDL-master/DivisorGenerico/cd.vhd 2015/11/24.17:24:31 P.15xf
EN work/cd 1448382312 \
      FL C:/hlocal/Divisor-VHDL-master/Divisor-VHDL-master/DivisorGenerico/cd.vhd \
      PB ieee/std_logic_1164 1381692176 PB ieee/NUMERIC_STD 1381692181
AR work/cd/rtl 1448382313 \
      FL C:/hlocal/Divisor-VHDL-master/Divisor-VHDL-master/DivisorGenerico/cd.vhd \
      EN work/cd 1448382312 CP aligned CP dndo_msb CP res CP coc
FL C:/hlocal/Divisor-VHDL-master/Divisor-VHDL-master/DivisorGenerico/divider.vhd 2015/11/24.16:52:06 P.15xf
EN work/divider 1448382316 \
      FL C:/hlocal/Divisor-VHDL-master/Divisor-VHDL-master/DivisorGenerico/divider.vhd \
      PB ieee/std_logic_1164 1381692176 PB ieee/NUMERIC_STD 1381692181
AR work/divider/struct 1448382317 \
      FL C:/hlocal/Divisor-VHDL-master/Divisor-VHDL-master/DivisorGenerico/divider.vhd \
      EN work/divider 1448382316 CP cd CP uc
FL C:/hlocal/Divisor-VHDL-master/Divisor-VHDL-master/DivisorGenerico/uc.vhd 2015/11/24.17:10:40 P.15xf
EN work/uc 1448382314 \
      FL C:/hlocal/Divisor-VHDL-master/Divisor-VHDL-master/DivisorGenerico/uc.vhd \
      PB ieee/std_logic_1164 1381692176 PB ieee/NUMERIC_STD 1381692181
AR work/uc/rtl 1448382315 \
      FL C:/hlocal/Divisor-VHDL-master/Divisor-VHDL-master/DivisorGenerico/uc.vhd \
      EN work/uc 1448382314
FL C:/Users/Alex/Documents/GitHub/Divisor-VHDL/DivisorGenerico/cd.vhd 2015/11/23.23:10:42 P.15xf
FL C:/Users/Alex/Documents/GitHub/Divisor-VHDL/DivisorGenerico/divider.vhd 2015/11/23.23:07:26 P.15xf
FL C:/Users/Alex/Documents/GitHub/Divisor-VHDL/DivisorGenerico/uc.vhd 2015/11/23.22:43:18 P.15xf
