AR divisor rtl D:/Kadaiser/Documents/GitHub/TOC/P1b/divisor.vhd sub00/vhpl01 1444815178
AR reg_paralelo circuito D:/Kadaiser/Documents/GitHub/TOC/P1b/RD.vhd sub00/vhpl03 1444815180
AR sumador behavioral D:/Kadaiser/Documents/GitHub/TOC/p1a/sumador.vhd sub00/vhpl05 1444815182
EN divisor NULL D:/Kadaiser/Documents/GitHub/TOC/P1b/divisor.vhd sub00/vhpl00 1444815177
EN reg_paralelo NULL D:/Kadaiser/Documents/GitHub/TOC/P1b/RD.vhd sub00/vhpl02 1444815179
EN contador NULL D:/Kadaiser/Documents/GitHub/TOC/P1b/contador.vhd sub00/vhpl06 1444815183
EN sumador NULL D:/Kadaiser/Documents/GitHub/TOC/p1a/sumador.vhd sub00/vhpl04 1444815181
AR contador behavioral D:/Kadaiser/Documents/GitHub/TOC/P1b/contador.vhd sub00/vhpl07 1444815184
