EN uaa NULL D:/Kadaiser/Documents/GitHub/TOC/Multiplicador/UAA.vhd sub00/vhpl02 1447674430
AR carrylookahead behavioral D:/Kadaiser/Documents/GitHub/TOC/Multiplicador/CarryLookAhead.vhd sub00/vhpl05 1447674435
EN fulladdergp NULL D:/Kadaiser/Documents/GitHub/TOC/Multiplicador/FullAdderGP.vhd sub00/vhpl00 1447674432
AR fulladdergp behavioral D:/Kadaiser/Documents/GitHub/TOC/Multiplicador/FullAdderGP.vhd sub00/vhpl01 1447674433
EN carrylookahead NULL D:/Kadaiser/Documents/GitHub/TOC/Multiplicador/CarryLookAhead.vhd sub00/vhpl04 1447674434
AR uaa behavioral D:/Kadaiser/Documents/GitHub/TOC/Multiplicador/UAA.vhd sub00/vhpl03 1447674431
