V3 11
FL D:/Kadaiser/Documents/GitHub/TOC/Multiplicador/CarryLookAhead.vhd 2015/11/16.12:43:39 P.20131013
EN work/CarryLookAhead 1447674434 \
      FL D:/Kadaiser/Documents/GitHub/TOC/Multiplicador/CarryLookAhead.vhd \
      PB ieee/std_logic_1164 1381692176 PB ieee/NUMERIC_STD 1381692181
AR work/CarryLookAhead/Behavioral 1447674435 \
      FL D:/Kadaiser/Documents/GitHub/TOC/Multiplicador/CarryLookAhead.vhd \
      EN work/CarryLookAhead 1447674434 CP UAA CP FullAdderGP
FL D:/Kadaiser/Documents/GitHub/TOC/Multiplicador/FullAdderGP.vhd 2015/11/16.11:45:05 P.20131013
EN work/FullAdderGP 1447674432 \
      FL D:/Kadaiser/Documents/GitHub/TOC/Multiplicador/FullAdderGP.vhd \
      PB ieee/std_logic_1164 1381692176
AR work/FullAdderGP/Behavioral 1447674433 \
      FL D:/Kadaiser/Documents/GitHub/TOC/Multiplicador/FullAdderGP.vhd \
      EN work/FullAdderGP 1447674432
FL D:/Kadaiser/Documents/GitHub/TOC/Multiplicador/UAA.vhd 2015/11/16.12:09:18 P.20131013
EN work/UAA 1447674430 FL D:/Kadaiser/Documents/GitHub/TOC/Multiplicador/UAA.vhd \
      PB ieee/std_logic_1164 1381692176 PB ieee/NUMERIC_STD 1381692181
AR work/UAA/Behavioral 1447674431 \
      FL D:/Kadaiser/Documents/GitHub/TOC/Multiplicador/UAA.vhd EN work/UAA 1447674430
