AR divisor rtl D:/Kadaiser/Documents/GitHub/TOC/P2a/divisor.vhd sub00/vhpl03 1445266947
EN divisor NULL D:/Kadaiser/Documents/GitHub/TOC/P2a/divisor.vhd sub00/vhpl02 1445266946
EN fsm_munyeca NULL D:/Kadaiser/Documents/GitHub/TOC/P2a/FSM_munyeca.vhd sub00/vhpl00 1445266948
AR fsm_munyeca behavioral D:/Kadaiser/Documents/GitHub/TOC/P2a/FSM_munyeca.vhd sub00/vhpl01 1445266949
