V3 8
FL D:/Kadaiser/Documents/GitHub/TOC/P2a/divisor.vhd 2015/10/13.14:41:18 P.20131013
EN work/divisor 1445266946 FL D:/Kadaiser/Documents/GitHub/TOC/P2a/divisor.vhd \
      PB ieee/std_logic_1164 1381692176 PB ieee/NUMERIC_STD 1381692181
AR work/divisor/rtl 1445266947 \
      FL D:/Kadaiser/Documents/GitHub/TOC/P2a/divisor.vhd EN work/divisor 1445266946 \
      CP clk_1hz
FL D:/Kadaiser/Documents/GitHub/TOC/P2a/FSM_munyeca.vhd 2015/10/19.17:01:34 P.20131013
EN work/FSM_munyeca 1445266948 \
      FL D:/Kadaiser/Documents/GitHub/TOC/P2a/FSM_munyeca.vhd \
      PB ieee/std_logic_1164 1381692176
AR work/FSM_munyeca/Behavioral 1445266949 \
      FL D:/Kadaiser/Documents/GitHub/TOC/P2a/FSM_munyeca.vhd EN work/FSM_munyeca 1445266948 \
      CP divisor
