V3 3
FL D:/Kadaiser/Documents/GitHub/TOC/P2a/FSM_munyeca.vhd 2015/10/14.17:55:34 P.20131013
EN work/FSM_munyeca 1445004582 \
      FL D:/Kadaiser/Documents/GitHub/TOC/P2a/FSM_munyeca.vhd \
      PB ieee/std_logic_1164 1381692176
AR work/FSM_munyeca/Behavioral 1445004583 \
      FL D:/Kadaiser/Documents/GitHub/TOC/P2a/FSM_munyeca.vhd EN work/FSM_munyeca 1445004582
