EN adder NULL "D:/Kadaiser/Documents/GitHub/TOC/Practica 3/GenericNadder.vhd" sub00/vhpl16 1447174135
AR carrylookahead arch_add_uaa "D:/Kadaiser/Documents/GitHub/TOC/Practica 3/carrylookahead.vhd" sub00/vhpl25 1447171594
AR carrylookahead2 arch_add16_2uaa "D:/Kadaiser/Documents/GitHub/TOC/Practica 3/carrylookahead2.vhd" sub00/vhpl29 1447171570
AR uaalvl1 behavioral "D:/Kadaiser/Documents/GitHub/TOC/Practica 3/uaalvl1.vhd" sub00/vhpl11 1447170514
EN uaa1 NULL "D:/Kadaiser/Documents/GitHub/TOC/Practica 3/uaalvl1.vhd" sub00/vhpl20 1447174136
EN carryripple NULL "D:/Kadaiser/Documents/GitHub/TOC/Practica 3/carry-ripple.vhd" sub00/vhpl02 1447169660
EN uaa2 NULL "D:/Kadaiser/Documents/GitHub/TOC/Practica 3/uaalvl2.vhd" sub00/vhpl22 1447174138
EN fa NULL "D:/Kadaiser/Documents/GitHub/TOC/Practica 3/full_adder.vhd" sub00/vhpl26 1447173508
EN uaalvl1 NULL "D:/Kadaiser/Documents/GitHub/TOC/Practica 3/uaalvl1.vhd" sub00/vhpl10 1447170513
EN uaalvl2 NULL "D:/Kadaiser/Documents/GitHub/TOC/Practica 3/uaalvl2.vhd" sub00/vhpl12 1447170054
EN uaa NULL "D:/Kadaiser/Documents/GitHub/TOC/Practica 3/uaa.vhd" sub00/vhpl04 1447171590
AR carrylookahead behavioral "D:/Kadaiser/Documents/GitHub/TOC/Practica 3/carrylookahead.vhd" sub00/vhpl09 1447169735
EN fulladder NULL "D:/Kadaiser/Documents/GitHub/TOC/Practica 3/full_adder.vhd" sub00/vhpl00 1447169658
AR uaa1 behavioral "D:/Kadaiser/Documents/GitHub/TOC/Practica 3/uaalvl1.vhd" sub00/vhpl21 1447174137
AR fagp behavioral "D:/Kadaiser/Documents/GitHub/TOC/Practica 3/FullAdderGP.vhd" sub00/vhpl19 1447174141
EN fulladdergp NULL "D:/Kadaiser/Documents/GitHub/TOC/Practica 3/FullAdderGP.vhd" sub00/vhpl06 1447169826
AR fulladdergp behavioral "D:/Kadaiser/Documents/GitHub/TOC/Practica 3/FullAdderGP.vhd" sub00/vhpl07 1447169827
AR carrylookahead2 behavioral "D:/Kadaiser/Documents/GitHub/TOC/Practica 3/carrylookahead2.vhd" sub00/vhpl15 1447170653
AR adder arch_add_std "D:/Kadaiser/Documents/GitHub/TOC/Practica 3/GenericNadder.vhd" sub00/vhpl24 1447172621
AR uaalvl2 behavioral "D:/Kadaiser/Documents/GitHub/TOC/Practica 3/uaalvl2.vhd" sub00/vhpl13 1447170055
AR carryripple arch_add_ripple "D:/Kadaiser/Documents/GitHub/TOC/Practica 3/carry-ripple.vhd" sub00/vhpl28 1447171466
AR fa behavioral "D:/Kadaiser/Documents/GitHub/TOC/Practica 3/full_adder.vhd" sub00/vhpl27 1447173509
EN carrylookahead NULL "D:/Kadaiser/Documents/GitHub/TOC/Practica 3/carrylookahead.vhd" sub00/vhpl08 1447170973
AR adder behavioral "D:/Kadaiser/Documents/GitHub/TOC/Practica 3/GenericNadder.vhd" sub00/vhpl17 1447169608
AR carryripple behavioral "D:/Kadaiser/Documents/GitHub/TOC/Practica 3/carry-ripple.vhd" sub00/vhpl03 1447169661
AR uaa2 behavioral "D:/Kadaiser/Documents/GitHub/TOC/Practica 3/uaalvl2.vhd" sub00/vhpl23 1447174139
EN fagp NULL "D:/Kadaiser/Documents/GitHub/TOC/Practica 3/FullAdderGP.vhd" sub00/vhpl18 1447174140
AR fulladder behavioral "D:/Kadaiser/Documents/GitHub/TOC/Practica 3/full_adder.vhd" sub00/vhpl01 1447169659
AR uaa behavioral "D:/Kadaiser/Documents/GitHub/TOC/Practica 3/uaa.vhd" sub00/vhpl05 1447171591
EN carrylookahead2 NULL "D:/Kadaiser/Documents/GitHub/TOC/Practica 3/carrylookahead2.vhd" sub00/vhpl14 1447170652
