V3 31
FL D:/Kadaiser/Documents/GitHub/TOC/AlgoritmoMultiplicatorio/Algorithmic.vhd 2016/01/18.23:50:33 P.20131013
EN work/Algorithmic 1453159410 \
      FL D:/Kadaiser/Documents/GitHub/TOC/AlgoritmoMultiplicatorio/Algorithmic.vhd \
      PB ieee/std_logic_1164 1381692176
AR work/Algorithmic/arch_Algorithmic 1453159411 \
      FL D:/Kadaiser/Documents/GitHub/TOC/AlgoritmoMultiplicatorio/Algorithmic.vhd \
      EN work/Algorithmic 1453159410 CP RutaDatos CP UnidadControl
FL D:/Kadaiser/Documents/GitHub/TOC/AlgoritmoMultiplicatorio/ALU.vhd 2016/01/18.23:40:48 P.20131013
EN work/ALU 1453159402 \
      FL D:/Kadaiser/Documents/GitHub/TOC/AlgoritmoMultiplicatorio/ALU.vhd \
      PB ieee/std_logic_1164 1381692176 PB ieee/NUMERIC_STD 1381692181
AR work/ALU/arch_ALU 1453159403 \
      FL D:/Kadaiser/Documents/GitHub/TOC/AlgoritmoMultiplicatorio/ALU.vhd \
      EN work/ALU 1453159402
FL D:/Kadaiser/Documents/GitHub/TOC/AlgoritmoMultiplicatorio/Contador.vhd 2016/01/18.21:03:48 P.20131013
EN work/contador_asc_desc 1453159396 \
      FL D:/Kadaiser/Documents/GitHub/TOC/AlgoritmoMultiplicatorio/Contador.vhd \
      PB ieee/std_logic_1164 1381692176 PB ieee/NUMERIC_STD 1381692181
AR work/contador_asc_desc/arch_Contador 1453159397 \
      FL D:/Kadaiser/Documents/GitHub/TOC/AlgoritmoMultiplicatorio/Contador.vhd \
      EN work/contador_asc_desc 1453159396
FL D:/Kadaiser/Documents/GitHub/TOC/AlgoritmoMultiplicatorio/Multiplexor.vhd 2016/01/18.21:03:48 P.20131013
EN work/Multiplexor 1453159404 \
      FL D:/Kadaiser/Documents/GitHub/TOC/AlgoritmoMultiplicatorio/Multiplexor.vhd \
      PB ieee/std_logic_1164 1381692176
AR work/Multiplexor/arch_Multiplexor 1453159405 \
      FL D:/Kadaiser/Documents/GitHub/TOC/AlgoritmoMultiplicatorio/Multiplexor.vhd \
      EN work/Multiplexor 1453159404
FL D:/Kadaiser/Documents/GitHub/TOC/AlgoritmoMultiplicatorio/ram_memory.vhd 2016/01/18.21:03:48 P.20131013
EN work/ram_memory 1453159398 \
      FL D:/Kadaiser/Documents/GitHub/TOC/AlgoritmoMultiplicatorio/ram_memory.vhd \
      PB ieee/std_logic_1164 1381692176 PB ieee/NUMERIC_STD 1381692181
AR work/ram_memory/arch_ram 1453159399 \
      FL D:/Kadaiser/Documents/GitHub/TOC/AlgoritmoMultiplicatorio/ram_memory.vhd \
      EN work/ram_memory 1453159398
FL D:/Kadaiser/Documents/GitHub/TOC/AlgoritmoMultiplicatorio/RegistroGenerico.vhd 2016/01/18.21:03:48 P.20131013
EN work/Registro 1453159400 \
      FL D:/Kadaiser/Documents/GitHub/TOC/AlgoritmoMultiplicatorio/RegistroGenerico.vhd \
      PB ieee/std_logic_1164 1381692176
AR work/Registro/arch_Registro 1453159401 \
      FL D:/Kadaiser/Documents/GitHub/TOC/AlgoritmoMultiplicatorio/RegistroGenerico.vhd \
      EN work/Registro 1453159400
FL D:/Kadaiser/Documents/GitHub/TOC/AlgoritmoMultiplicatorio/RutaDatos.vhd 2016/01/19.00:11:23 P.20131013
EN work/RutaDatos 1453159406 \
      FL D:/Kadaiser/Documents/GitHub/TOC/AlgoritmoMultiplicatorio/RutaDatos.vhd \
      PB ieee/std_logic_1164 1381692176 PB ieee/NUMERIC_STD 1381692181
AR work/RutaDatos/arch_RutaDatos 1453159407 \
      FL D:/Kadaiser/Documents/GitHub/TOC/AlgoritmoMultiplicatorio/RutaDatos.vhd \
      EN work/RutaDatos 1453159406 CP contador_asc_desc CP ram_memory CP Registro \
      CP ALU CP Multiplexor
FL D:/Kadaiser/Documents/GitHub/TOC/AlgoritmoMultiplicatorio/UnidadControl.vhd 2016/01/19.00:19:40 P.20131013
EN work/UnidadControl 1453159408 \
      FL D:/Kadaiser/Documents/GitHub/TOC/AlgoritmoMultiplicatorio/UnidadControl.vhd \
      PB ieee/std_logic_1164 1381692176 PB ieee/NUMERIC_STD 1381692181
AR work/UnidadControl/arch_UnidadControl 1453159409 \
      FL D:/Kadaiser/Documents/GitHub/TOC/AlgoritmoMultiplicatorio/UnidadControl.vhd \
      EN work/UnidadControl 1453159408
