Release 14.1 - xst P.15xf (nt64)
Copyright (c) 1995-2012 Xilinx, Inc.  All rights reserved.
--> Parameter TMPDIR set to xst/projnav.tmp


Total REAL time to Xst completion: 0.00 secs
Total CPU time to Xst completion: 0.06 secs
 
--> Parameter xsthdpdir set to xst


Total REAL time to Xst completion: 0.00 secs
Total CPU time to Xst completion: 0.06 secs
 
--> Reading design: reg_paralelo.prj

TABLE OF CONTENTS
  1) Synthesis Options Summary
  2) HDL Compilation
  3) Design Hierarchy Analysis
  4) HDL Analysis
  5) HDL Synthesis
     5.1) HDL Synthesis Report
  6) Advanced HDL Synthesis
     6.1) Advanced HDL Synthesis Report
  7) Low Level Synthesis
  8) Partition Report
  9) Final Report
	9.1) Device utilization summary
	9.2) Partition Resource Summary
	9.3) TIMING REPORT


=========================================================================
*                      Synthesis Options Summary                        *
=========================================================================
---- Source Parameters
Input File Name                    : "reg_paralelo.prj"
Input Format                       : mixed
Ignore Synthesis Constraint File   : NO

---- Target Parameters
Output File Name                   : "reg_paralelo"
Output Format                      : NGC
Target Device                      : xc3s1000-5-ft256

---- Source Options
Top Module Name                    : reg_paralelo
Automatic FSM Extraction           : YES
FSM Encoding Algorithm             : Auto
Safe Implementation                : No
FSM Style                          : LUT
RAM Extraction                     : Yes
RAM Style                          : Auto
ROM Extraction                     : Yes
Mux Style                          : Auto
Decoder Extraction                 : YES
Priority Encoder Extraction        : Yes
Shift Register Extraction          : YES
Logical Shifter Extraction         : YES
XOR Collapsing                     : YES
ROM Style                          : Auto
Mux Extraction                     : Yes
Resource Sharing                   : YES
Asynchronous To Synchronous        : NO
Multiplier Style                   : Auto
Automatic Register Balancing       : No

---- Target Options
Add IO Buffers                     : YES
Global Maximum Fanout              : 100000
Add Generic Clock Buffer(BUFG)     : 8
Register Duplication               : YES
Slice Packing                      : YES
Optimize Instantiated Primitives   : NO
Use Clock Enable                   : Yes
Use Synchronous Set                : Yes
Use Synchronous Reset              : Yes
Pack IO Registers into IOBs        : Auto
Equivalent register Removal        : YES

---- General Options
Optimization Goal                  : Speed
Optimization Effort                : 1
Keep Hierarchy                     : No
Netlist Hierarchy                  : As_Optimized
RTL Output                         : Yes
Global Optimization                : AllClockNets
Read Cores                         : YES
Write Timing Constraints           : NO
Cross Clock Analysis               : NO
Hierarchy Separator                : /
Bus Delimiter                      : <>
Case Specifier                     : Maintain
Slice Utilization Ratio            : 100
BRAM Utilization Ratio             : 100
Verilog 2001                       : YES
Auto BRAM Packing                  : NO
Slice Utilization Ratio Delta      : 5

=========================================================================


=========================================================================
*                          HDL Compilation                              *
=========================================================================
Compiling vhdl file "E:/Nueva carpeta/TOC-master/TOC-master/P1b/divisor.vhd" in Library work.
Architecture rtl of Entity divisor is up to date.
Compiling vhdl file "E:/Nueva carpeta/TOC-master/TOC-master/P1b/RD.vhd" in Library work.
Architecture circuito of Entity reg_paralelo is up to date.

=========================================================================
*                     Design Hierarchy Analysis                         *
=========================================================================
Analyzing hierarchy for entity <reg_paralelo> in library <work> (architecture <circuito>).

Analyzing hierarchy for entity <divisor> in library <work> (architecture <rtl>).


=========================================================================
*                            HDL Analysis                               *
=========================================================================
Analyzing Entity <reg_paralelo> in library <work> (Architecture <circuito>).
Entity <reg_paralelo> analyzed. Unit <reg_paralelo> generated.

Analyzing Entity <divisor> in library <work> (Architecture <rtl>).
Entity <divisor> analyzed. Unit <divisor> generated.


=========================================================================
*                           HDL Synthesis                               *
=========================================================================

Performing bidirectional port resolution...

Synthesizing Unit <divisor>.
    Related source file is "E:/Nueva carpeta/TOC-master/TOC-master/P1b/divisor.vhd".
    Found 1-bit register for signal <clk_1hz_reg>.
    Found 25-bit up counter for signal <cntr_reg>.
    Summary:
	inferred   1 Counter(s).
	inferred   1 D-type flip-flop(s).
Unit <divisor> synthesized.


Synthesizing Unit <reg_paralelo>.
    Related source file is "E:/Nueva carpeta/TOC-master/TOC-master/P1b/RD.vhd".
    Found 8-bit register for signal <S>.
    Summary:
	inferred   8 D-type flip-flop(s).
Unit <reg_paralelo> synthesized.


=========================================================================
HDL Synthesis Report

Macro Statistics
# Counters                                             : 1
 25-bit up counter                                     : 1
# Registers                                            : 2
 1-bit register                                        : 1
 8-bit register                                        : 1

=========================================================================

=========================================================================
*                       Advanced HDL Synthesis                          *
=========================================================================


=========================================================================
Advanced HDL Synthesis Report

Macro Statistics
# Counters                                             : 1
 25-bit up counter                                     : 1
# Registers                                            : 9
 Flip-Flops                                            : 9

=========================================================================

=========================================================================
*                         Low Level Synthesis                           *
=========================================================================

Optimizing unit <reg_paralelo> ...

Mapping all equations...
Building and optimizing final netlist ...
Found area constraint ratio of 100 (+ 5) on block reg_paralelo, actual ratio is 0.

Final Macro Processing ...

=========================================================================
Final Register Report

Macro Statistics
# Registers                                            : 34
 Flip-Flops                                            : 34

=========================================================================

=========================================================================
*                           Partition Report                            *
=========================================================================

Partition Implementation Status
-------------------------------

  No Partitions were found in this design.

-------------------------------

=========================================================================
*                            Final Report                               *
=========================================================================
Final Results
RTL Top Level Output File Name     : reg_paralelo.ngr
Top Level Output File Name         : reg_paralelo
Output Format                      : NGC
Optimization Goal                  : Speed
Keep Hierarchy                     : No

Design Statistics
# IOs                              : 19

Cell Usage :
# BELS                             : 116
#      GND                         : 1
#      INV                         : 2
#      LUT1                        : 25
#      LUT2                        : 25
#      LUT4                        : 6
#      MUXCY                       : 31
#      VCC                         : 1
#      XORCY                       : 25
# FlipFlops/Latches                : 34
#      FDC                         : 25
#      FDCE                        : 9
# Clock Buffers                    : 1
#      BUFGP                       : 1
# IO Buffers                       : 18
#      IBUF                        : 10
#      OBUF                        : 8
=========================================================================

Device utilization summary:
---------------------------

Selected Device : 3s1000ft256-5 

 Number of Slices:                       32  out of   7680     0%  
 Number of Slice Flip Flops:             26  out of  15360     0%  
 Number of 4 input LUTs:                 58  out of  15360     0%  
 Number of IOs:                          19
 Number of bonded IOBs:                  19  out of    173    10%  
    IOB Flip Flops:                       8
 Number of GCLKs:                         1  out of      8    12%  

---------------------------
Partition Resource Summary:
---------------------------

  No Partitions were found in this design.

---------------------------


=========================================================================
TIMING REPORT

NOTE: THESE TIMING NUMBERS ARE ONLY A SYNTHESIS ESTIMATE.
      FOR ACCURATE TIMING INFORMATION PLEASE REFER TO THE TRACE REPORT
      GENERATED AFTER PLACE-and-ROUTE.

Clock Information:
------------------
-----------------------------------+------------------------+-------+
Clock Signal                       | Clock buffer(FF name)  | Load  |
-----------------------------------+------------------------+-------+
Nuevo_reloj/clk_1hz_reg            | NONE(S_0)              | 8     |
clk_100MHz                         | BUFGP                  | 26    |
-----------------------------------+------------------------+-------+
INFO:Xst:2169 - HDL ADVISOR - Some clock signals were not automatically buffered by XST with BUFG/BUFR resources. Please use the buffer_type constraint in order to insert these buffers to the clock signals to help prevent skew problems.

Asynchronous Control Signals Information:
----------------------------------------
-----------------------------------+------------------------+-------+
Control Signal                     | Buffer(FF name)        | Load  |
-----------------------------------+------------------------+-------+
rst                                | IBUF                   | 34    |
-----------------------------------+------------------------+-------+

Timing Summary:
---------------
Speed Grade: -5

   Minimum period: 6.093ns (Maximum Frequency: 164.115MHz)
   Minimum input arrival time before clock: 2.160ns
   Maximum output required time after clock: 6.216ns
   Maximum combinational path delay: No path found

Timing Detail:
--------------
All values displayed in nanoseconds (ns)

=========================================================================
Timing constraint: Default period analysis for Clock 'clk_100MHz'
  Clock period: 6.093ns (frequency: 164.115MHz)
  Total number of paths / destination ports: 976 / 27
-------------------------------------------------------------------------
Delay:               6.093ns (Levels of Logic = 26)
  Source:            Nuevo_reloj/cntr_reg_1 (FF)
  Destination:       Nuevo_reloj/cntr_reg_24 (FF)
  Source Clock:      clk_100MHz rising
  Destination Clock: clk_100MHz rising

  Data Path: Nuevo_reloj/cntr_reg_1 to Nuevo_reloj/cntr_reg_24
                                Gate     Net
    Cell:in->out      fanout   Delay   Delay  Logical Name (Net Name)
    ----------------------------------------  ------------
     FDC:C->Q              2   0.626   1.040  Nuevo_reloj/cntr_reg_1 (Nuevo_reloj/cntr_reg_1)
     LUT1:I0->O            1   0.479   0.000  Nuevo_reloj/Mcount_cntr_reg_cy<1>_rt (Nuevo_reloj/Mcount_cntr_reg_cy<1>_rt)
     MUXCY:S->O            1   0.435   0.000  Nuevo_reloj/Mcount_cntr_reg_cy<1> (Nuevo_reloj/Mcount_cntr_reg_cy<1>)
     MUXCY:CI->O           1   0.056   0.000  Nuevo_reloj/Mcount_cntr_reg_cy<2> (Nuevo_reloj/Mcount_cntr_reg_cy<2>)
     MUXCY:CI->O           1   0.056   0.000  Nuevo_reloj/Mcount_cntr_reg_cy<3> (Nuevo_reloj/Mcount_cntr_reg_cy<3>)
     MUXCY:CI->O           1   0.056   0.000  Nuevo_reloj/Mcount_cntr_reg_cy<4> (Nuevo_reloj/Mcount_cntr_reg_cy<4>)
     MUXCY:CI->O           1   0.056   0.000  Nuevo_reloj/Mcount_cntr_reg_cy<5> (Nuevo_reloj/Mcount_cntr_reg_cy<5>)
     MUXCY:CI->O           1   0.056   0.000  Nuevo_reloj/Mcount_cntr_reg_cy<6> (Nuevo_reloj/Mcount_cntr_reg_cy<6>)
     MUXCY:CI->O           1   0.056   0.000  Nuevo_reloj/Mcount_cntr_reg_cy<7> (Nuevo_reloj/Mcount_cntr_reg_cy<7>)
     MUXCY:CI->O           1   0.056   0.000  Nuevo_reloj/Mcount_cntr_reg_cy<8> (Nuevo_reloj/Mcount_cntr_reg_cy<8>)
     MUXCY:CI->O           1   0.056   0.000  Nuevo_reloj/Mcount_cntr_reg_cy<9> (Nuevo_reloj/Mcount_cntr_reg_cy<9>)
     MUXCY:CI->O           1   0.056   0.000  Nuevo_reloj/Mcount_cntr_reg_cy<10> (Nuevo_reloj/Mcount_cntr_reg_cy<10>)
     MUXCY:CI->O           1   0.056   0.000  Nuevo_reloj/Mcount_cntr_reg_cy<11> (Nuevo_reloj/Mcount_cntr_reg_cy<11>)
     MUXCY:CI->O           1   0.056   0.000  Nuevo_reloj/Mcount_cntr_reg_cy<12> (Nuevo_reloj/Mcount_cntr_reg_cy<12>)
     MUXCY:CI->O           1   0.056   0.000  Nuevo_reloj/Mcount_cntr_reg_cy<13> (Nuevo_reloj/Mcount_cntr_reg_cy<13>)
     MUXCY:CI->O           1   0.056   0.000  Nuevo_reloj/Mcount_cntr_reg_cy<14> (Nuevo_reloj/Mcount_cntr_reg_cy<14>)
     MUXCY:CI->O           1   0.056   0.000  Nuevo_reloj/Mcount_cntr_reg_cy<15> (Nuevo_reloj/Mcount_cntr_reg_cy<15>)
     MUXCY:CI->O           1   0.056   0.000  Nuevo_reloj/Mcount_cntr_reg_cy<16> (Nuevo_reloj/Mcount_cntr_reg_cy<16>)
     MUXCY:CI->O           1   0.056   0.000  Nuevo_reloj/Mcount_cntr_reg_cy<17> (Nuevo_reloj/Mcount_cntr_reg_cy<17>)
     MUXCY:CI->O           1   0.056   0.000  Nuevo_reloj/Mcount_cntr_reg_cy<18> (Nuevo_reloj/Mcount_cntr_reg_cy<18>)
     MUXCY:CI->O           1   0.056   0.000  Nuevo_reloj/Mcount_cntr_reg_cy<19> (Nuevo_reloj/Mcount_cntr_reg_cy<19>)
     MUXCY:CI->O           1   0.056   0.000  Nuevo_reloj/Mcount_cntr_reg_cy<20> (Nuevo_reloj/Mcount_cntr_reg_cy<20>)
     MUXCY:CI->O           1   0.056   0.000  Nuevo_reloj/Mcount_cntr_reg_cy<21> (Nuevo_reloj/Mcount_cntr_reg_cy<21>)
     MUXCY:CI->O           1   0.056   0.000  Nuevo_reloj/Mcount_cntr_reg_cy<22> (Nuevo_reloj/Mcount_cntr_reg_cy<22>)
     MUXCY:CI->O           0   0.056   0.000  Nuevo_reloj/Mcount_cntr_reg_cy<23> (Nuevo_reloj/Mcount_cntr_reg_cy<23>)
     XORCY:CI->O           1   0.786   0.851  Nuevo_reloj/Mcount_cntr_reg_xor<24> (Result<24>)
     LUT2:I1->O            1   0.479   0.000  Nuevo_reloj/Mcount_cntr_reg_eqn_241 (Nuevo_reloj/Mcount_cntr_reg_eqn_24)
     FDC:D                     0.176          Nuevo_reloj/cntr_reg_24
    ----------------------------------------
    Total                      6.093ns (4.202ns logic, 1.891ns route)
                                       (69.0% logic, 31.0% route)

=========================================================================
Timing constraint: Default OFFSET IN BEFORE for Clock 'Nuevo_reloj/clk_1hz_reg'
  Total number of paths / destination ports: 16 / 16
-------------------------------------------------------------------------
Offset:              2.160ns (Levels of Logic = 1)
  Source:            load (PAD)
  Destination:       S_0 (FF)
  Destination Clock: Nuevo_reloj/clk_1hz_reg rising

  Data Path: load to S_0
                                Gate     Net
    Cell:in->out      fanout   Delay   Delay  Logical Name (Net Name)
    ----------------------------------------  ------------
     IBUF:I->O             8   0.715   0.921  load_IBUF (load_IBUF)
     FDCE:CE                   0.524          S_0
    ----------------------------------------
    Total                      2.160ns (1.239ns logic, 0.921ns route)
                                       (57.4% logic, 42.6% route)

=========================================================================
Timing constraint: Default OFFSET OUT AFTER for Clock 'Nuevo_reloj/clk_1hz_reg'
  Total number of paths / destination ports: 8 / 8
-------------------------------------------------------------------------
Offset:              6.216ns (Levels of Logic = 1)
  Source:            S_7 (FF)
  Destination:       S<7> (PAD)
  Source Clock:      Nuevo_reloj/clk_1hz_reg rising

  Data Path: S_7 to S<7>
                                Gate     Net
    Cell:in->out      fanout   Delay   Delay  Logical Name (Net Name)
    ----------------------------------------  ------------
     FDCE:C->Q             1   0.626   0.681  S_7 (S_7)
     OBUF:I->O                 4.909          S_7_OBUF (S<7>)
    ----------------------------------------
    Total                      6.216ns (5.535ns logic, 0.681ns route)
                                       (89.0% logic, 11.0% route)

=========================================================================


Total REAL time to Xst completion: 4.00 secs
Total CPU time to Xst completion: 3.53 secs
 
--> 

Total memory usage is 254540 kilobytes

Number of errors   :    0 (   0 filtered)
Number of warnings :    0 (   0 filtered)
Number of infos    :    1 (   0 filtered)

